[2026-09-30T10:29:09.639Z][INFO] Command-line: D:\\UNITY\\Installs\\6000.5.4f1\\Editor\\Data\\Resources\\PackageManager\\Server\\UnityPackageManager.exe server -s 6156 --ipc-path Unity-Upm-6156 -l 2 --log-file D:\\UNITY\\MyProjects\\ari-tuner\\AriTuner/Logs/upm.log
[2026-09-30T10:29:09.670Z][INFO] IPC server started (IPC path=Unity-Upm-6156).
[2026-09-30T10:29:09.670Z][INFO] Hint: To connect to this UPM instance, launch Unity with the command-line parameter -upmIpcPath Upm-6156.
[2026-09-30T10:29:38.391Z][INFO] project:list-packages <-- Request received
params: {}
[2026-09-30T10:29:38.573Z][INFO] project:list-packages <-- Request received
params: {}
[2026-09-30T10:29:38.591Z][INFO] config:project:get-registries <-- Request received
params: {}
[2026-09-30T10:29:50.285Z][INFO] config:project:get-registries --> 200 (11694 ms)
[2026-09-30T10:29:50.392Z][INFO] project:list-packages --> 200 (12001 ms)
[2026-09-30T10:29:50.394Z][INFO] project:list-packages --> 200 (11821 ms)
[2026-09-30T10:30:07.763Z][INFO] project:list-packages <-- Request received
params: {}
[2026-09-30T10:30:07.804Z][INFO] project:list-packages <-- Request received
params: {}
[2026-09-30T10:30:08.894Z][INFO] project:list-packages --> 200 (1132 ms)
[2026-09-30T10:30:08.898Z][INFO] project:list-packages --> 200 (1094 ms)
[2026-09-30T10:30:11.640Z][INFO] project:list-packages <-- Request received
params: {}
[2026-09-30T10:30:12.203Z][INFO] project:list-packages --> 200 (563 ms)
[2026-09-30T10:30:12.698Z][INFO] config:project:get-registries <-- Request received
params: {}
[2026-09-30T10:30:12.710Z][INFO] config:project:get-registries --> 200 (13 ms)
[2026-09-30T10:30:18.638Z][INFO] project:list-packages <-- Request received
params: {}
[2026-09-30T10:30:19.270Z][INFO] project:list-packages --> 200 (632 ms)
[2026-09-30T10:34:50.493Z][INFO] packages:get-packageinfo <-- Request received
params: {
  "packageId": "com.unity.collab-proxy"
}
[2026-09-30T10:34:51.651Z][INFO] packages:get-packageinfo --> 200 (1158 ms)
[2026-09-30T10:35:16.567Z][INFO] project:list-packages <-- Request received
params: {}
[2026-09-30T10:35:20.492Z][INFO] project:list-packages --> 200 (3926 ms)
[2026-09-30T10:35:25.403Z][INFO] project:add-dependency <-- Request received
params: {
  "packageId": "com.unity.device-simulator.devices"
}
[2026-09-30T10:35:28.061Z][INFO] project:add-dependency --> 200 (2658 ms)
[2026-09-30T10:35:28.087Z][INFO] project:resolve-packages <-- Request received
params: {}
[2026-09-30T10:35:28.309Z][WARN] Requested version [17.6.0] for package [com.unity.render-pipelines.universal] overridden by built-in package version [17.5.0].
[2026-09-30T10:35:28.309Z][WARN] Requested version [4.9.3] for package [com.unity.searcher] overridden by minimum version [4.9.4].
[2026-09-30T10:35:28.309Z][WARN] Requested version [1.8.14] for package [com.unity.burst] overridden by minimum version [1.8.29].
[2026-09-30T10:35:28.309Z][WARN] Requested version [3.2.0] for package [com.unity.test-framework.performance] overridden by minimum version [3.5.0].
[2026-09-30T10:35:28.311Z][INFO] project:resolve-packages --> 200 (223 ms)
[2026-09-30T10:35:28.415Z][INFO] config:project:get-registries <-- Request received
params: {}
[2026-09-30T10:35:28.419Z][INFO] config:project:get-registries --> 200 (4 ms)
[2026-09-30T10:35:28.455Z][INFO] project:list-packages <-- Request received
params: {}
[2026-09-30T10:35:29.189Z][INFO] project:list-packages --> 200 (734 ms)
[2026-09-30T10:35:39.092Z][INFO] project:list-packages <-- Request received
params: {}
[2026-09-30T10:35:39.126Z][INFO] project:list-packages <-- Request received
params: {}
[2026-09-30T10:35:39.389Z][INFO] project:list-packages --> 200 (297 ms)
[2026-09-30T10:35:39.424Z][INFO] project:list-packages --> 200 (298 ms)
[2026-09-30T10:35:39.454Z][INFO] project:list-packages <-- Request received
params: {}
[2026-09-30T10:35:39.633Z][INFO] project:list-packages --> 200 (179 ms)
[2026-09-30T10:35:39.636Z][INFO] config:project:get-registries <-- Request received
params: {}
[2026-09-30T10:35:39.639Z][INFO] config:project:get-registries --> 200 (3 ms)
[2026-09-30T10:35:40.781Z][INFO] project:list-packages <-- Request received
params: {}
[2026-09-30T10:35:40.957Z][INFO] project:list-packages --> 200 (176 ms)
[2026-09-30T10:46:06.153Z][INFO] project:list-packages <-- Request received
params: {}
[2026-09-30T10:46:06.520Z][INFO] project:list-packages <-- Request received
params: {}
[2026-09-30T10:46:06.737Z][INFO] config:project:get-registries <-- Request received
params: {}
[2026-09-30T10:46:06.798Z][INFO] config:project:get-registries --> 200 (61 ms)
[2026-09-30T10:46:07.269Z][INFO] project:list-packages --> 200 (1116 ms)
[2026-09-30T10:46:07.270Z][INFO] project:list-packages --> 200 (751 ms)
[2026-09-30T10:46:08.743Z][INFO] project:list-packages <-- Request received
params: {}
[2026-09-30T10:46:12.815Z][INFO] project:list-packages --> 200 (4072 ms)
[2026-09-30T10:57:38.229Z][INFO] project:list-packages <-- Request received
params: {}
[2026-09-30T10:57:38.429Z][INFO] project:list-packages --> 200 (200 ms)
[2026-09-30T10:57:38.577Z][INFO] project:list-packages <-- Request received
params: {}
[2026-09-30T10:57:38.773Z][INFO] config:project:get-registries <-- Request received
params: {}
[2026-09-30T10:57:38.816Z][INFO] project:list-packages --> 200 (239 ms)
[2026-09-30T10:57:38.816Z][INFO] config:project:get-registries --> 200 (43 ms)
[2026-09-30T10:57:39.599Z][INFO] project:list-packages <-- Request received
params: {}
[2026-09-30T10:57:44.075Z][INFO] project:list-packages --> 200 (4476 ms)
